Getting ontology 1
Getting ontology 2
Minimum similarity value accepted: 0.05
No parent child criss cross allowed
Terms in first ontology: 1268	Nodes in second ontology: 1267
Calculating extsim
calculateExtSim took 0 seconds
Starting iteration
Adding relSim to simMat
addRelSimToSimMat took 0 seconds
Aligning
Mappings in alignment: 1252
Alignment took 0 seconds
Got an alignment
Starting iteration
Adding relSim to simMat
addRelSimToSimMat took 0 seconds
Aligning
Mappings in alignment: 1252
Alignment took 0 seconds
Got an alignment
Starting iteration
Adding relSim to simMat
addRelSimToSimMat took 1 seconds
Aligning
Mappings in alignment: 1250
Alignment took 0 seconds
Got an alignment
Starting iteration
Adding relSim to simMat
addRelSimToSimMat took 0 seconds
Aligning
Mappings in alignment: 1251
Alignment took 0 seconds
Got an alignment
Starting iteration
Adding relSim to simMat
addRelSimToSimMat took 0 seconds
Aligning
Mappings in alignment: 1251
Alignment took 0 seconds
Got an alignment
Matched
1090	GO:0051026	0.926632
1091	GO:0034403	0.903337
1092	GO:0000464	0.923563
1093	GO:0051972	0.938527
1094	GO:0060261	0.931654
1095	GO:0032461	0.906127
1096	GO:0080129	0.922117
1097	GO:0097250	0.957448
1098	GO:0035543	0.915151
1099	GO:0042989	0.884739
1100	GO:0018063	0.600013
1101	GO:0090155	0.598619
1102	GO:0090110	0.665781
1103	GO:0031384	0.605646
1104	GO:0000348	0.589007
1105	GO:2000232	0.634453
1106	GO:0070583	0.972257
1107	GO:0060988	0.903271
1108	GO:0010994	0.966702
1109	GO:0001178	0.885797
1110	GO:0000200	0.452785
1112	GO:0031385	0.478499
1113	GO:0000470	0.0513482
1114	GO:0042256	0.454553
1115	GO:0051016	0.458881
1116	GO:0034402	0.74289
1117	GO:0070072	0.685037
1118	GO:0001927	0.738698
1119	GO:0003720	0.673795
1120	GO:0000461	0.892617
1121	GO:0001731	0.96164
1122	GO:0000388	0.89663
1123	GO:0090338	0.725087
1125	GO:0031383	0.493961
1126	GO:0032233	0.499672
1127	GO:0000389	0.519632
1128	GO:0000395	0.739203
1129	GO:0000707	0.887808
1130	GO:0016560	0.920059
1131	GO:0051131	0.920059
1132	GO:0071459	0.913203
1133	GO:0000915	0.876195
1134	GO:0051225	0.896306
1135	GO:0000244	0.658384
1136	GO:0006335	0.507828
1141	GO:0031382	0.32212
1142	GO:0000492	0.484042
1143	GO:0034314	0.582373
1144	GO:0000196	0.625955
1145	GO:0070898	0.892005
1146	GO:0070649	0.617969
1147	GO:0000387	0.632337
1148	GO:0034508	0.777226
1149	GO:0017004	0.0826913
1152	GO:0051292	0.795059
1153	GO:0006617	0.832448
1154	GO:0070941	0.878122
1155	GO:0034551	0.894258
1156	GO:0030837	0.438185
1157	GO:0051260	0.51212
1158	GO:0000493	0.234238
1159	GO:0032272	0.457027
1160	GO:0034316	0.158604
1161	GO:0000491	0.542616
1162	GO:0034063	0.88155
1163	GO:0070096	0.920059
1164	GO:0045010	0.499383
1165	GO:0031333	0.119599
1166	GO:0032273	0.51108
1167	GO:0035542	0.792751
1168	GO:0032120	0.875166
1169	GO:0033962	0.587092
1170	GO:0007130	0.502003
1171	GO:0000349	0.476159
1174	GO:0070682	0.819794
1175	GO:0007021	0.864996
1176	GO:0000056	0.896419
1177	GO:0033615	0.904507
1178	GO:0016584	0.83391
1179	GO:0035493	0.394955
1180	GO:0070272	0.367879
1181	GO:0072668	0.735913
1182	GO:0006376	0.77853
1183	GO:0045899	0.592865
1184	GO:0097033	0.507317
1185	GO:0006336	0.393995
1186	GO:0000350	0.160784
1187	GO:0000917	0.197465
1188	GO:0034221	0.93437
1189	GO:0000045	0.894983
1190	GO:0045898	0.622925
1191	GO:0000032	0.391886
1192	GO:0000393	0.51489
1193	GO:0006038	0.35489
1194	GO:0051259	0.285002
1195	GO:0048268	0.0825834
1196	GO:0000147	0.880959
1197	GO:0070592	0.869574
1198	GO:0000921	0.920059
1199	GO:0070071	0.700417
1200	GO:0051017	0.350426
1202	GO:0031334	0.82648
1203	GO:0007103	0.947306
1204	GO:0030833	0.274915
1205	GO:0000447	0.0985878
1206	GO:0000028	0.899831
1207	GO:0030474	0.732891
1208	GO:0043254	0.478785
1209	GO:0032271	0.314568
1210	GO:0033617	0.907963
1211	GO:0000467	0.910067
1212	GO:0006407	0.75626
1213	GO:0000459	0.876286
1215	GO:0008535	0.834691
1216	GO:0006267	0.88184
1217	GO:0016226	0.926632
1218	GO:0031125	0.459719
1220	GO:0000463	0.894365
1221	GO:0000245	0.570304
1222	GO:0051258	0.846332
1223	GO:0097034	0.817092
1224	GO:0044038	0.507015
1225	GO:0000055	0.515352
1227	GO:0043248	0.821241
1228	GO:0000480	0.945839
1229	GO:0006334	0.621437
1230	GO:0031118	0.973287
1231	GO:0000027	0.917913
1232	GO:0033108	0.385868
1233	GO:0000472	0.558369
1234	GO:0060260	0.183234
1235	GO:0030476	0.91662
1236	GO:0065004	0.337744
1237	GO:0070726	0.322877
1238	GO:0046797	0.926632
1239	GO:0000460	0.377227
1240	GO:0031497	0.61447
1241	GO:0031167	0.965379
1242	GO:0044087	0.22949
1243	GO:0042255	0.600245
1245	GO:0000469	0.651775
1246	GO:0009272	0.740398
1248	GO:0070271	0.295713
1249	GO:0000054	0.193455
1250	GO:0070925	0.551303
1251	GO:0042273	0.295493
1252	GO:0000154	0.880339
1253	GO:0042546	0.508525
1254	GO:0000462	0.943307
1255	GO:0030490	0.906489
1257	GO:0042274	0.577358
1258	GO:0022618	0.818724
1259	GO:0006461	0.260095
1260	GO:0043623	0.794845
1261	GO:0034622	0.318875
1262	GO:0006364	0.650667
1263	GO:0065003	0.415371
1264	GO:0042254	0.872756
1265	GO:0022613	0.867332
1266	GO:0022607	0.584606
1267	GO:0044085	0.821712
